// Jest Snapshot v1, https://goo.gl/fbAQLP

exports[`FormInput matches snapshot 1`] = `
"<FormInput label=\\"test label\\" name=\\"name\\" type=\\"text\\" onChange={[Function: onChange]} onBlur={[Function: onBlur]} value=\\"value\\" errors={[undefined]} touched={false} className=\\"\\">
  <div className=\\"form-input \\">
    <p className=\\"form-input_label\\">
      test label
    </p>
    <input name=\\"name\\" type=\\"text\\" onChange={[Function: onChange]} onBlur={[Function: onBlur]} placeholder=\\"test label\\" value=\\"value\\" test-id=\\"input-test\\" className=\\"form-input_input\\" disabled={[undefined]} />
    <div>
      <div className=\\"form-input_validation-marker false\\" />
      <div className=\\"form-input_error\\" />
    </div>
  </div>
</FormInput>"
`;
