// Jest Snapshot v1, https://goo.gl/fbAQLP

exports[`Login matches snapshot 1`] = `
"<Login>
  <div className=\\"login\\">
    <div className=\\"login-content\\">
      <Formik initialValues={{...}} validationSchema={{...}} onSubmit={[Function: submitForm]}>
        <form onSubmit={[Function]} noValidate={true}>
          <FormInput label=\\"Login\\" type=\\"text\\" name=\\"username\\" onChange={[Function]} onBlur={[Function]} value=\\"\\" errors={[undefined]} touched={[undefined]}>
            <div className=\\"form-input undefined\\">
              <p className=\\"form-input_label\\">
                Login
              </p>
              <input name=\\"username\\" type=\\"text\\" onChange={[Function]} onBlur={[Function]} placeholder=\\"Login\\" value=\\"\\" test-id=\\"input-test\\" className=\\"form-input_input\\" disabled={[undefined]} />
              <div>
                <div className=\\"form-input_validation-marker undefined\\" />
                <div className=\\"form-input_error\\" />
              </div>
            </div>
          </FormInput>
          <FormInput label=\\"Password\\" type=\\"password\\" name=\\"password\\" onChange={[Function]} onBlur={[Function]} value=\\"\\" errors={[undefined]} touched={[undefined]}>
            <div className=\\"form-input undefined\\">
              <p className=\\"form-input_label\\">
                Password
              </p>
              <input name=\\"password\\" type=\\"password\\" onChange={[Function]} onBlur={[Function]} placeholder=\\"Password\\" value=\\"\\" test-id=\\"input-test\\" className=\\"form-input_input\\" disabled={[undefined]} />
              <div>
                <div className=\\"form-input_validation-marker undefined\\" />
                <div className=\\"form-input_error\\" />
              </div>
            </div>
          </FormInput>
          <FormButton label=\\"Log in\\" type=\\"submit\\" disabled={false}>
            <button className=\\"form-button form-button_submit undefined\\" data-testid=\\"form-button\\" disabled={false} type=\\"submit\\" onClick={[undefined]}>
              Log in
            </button>
          </FormButton>
        </form>
      </Formik>
    </div>
  </div>
</Login>"
`;
