// Jest Snapshot v1, https://goo.gl/fbAQLP

exports[`Library matches snapshot 1`] = `
"<Library>
  <div className=\\"Library\\">
    <LibraryItem selectMicheline={[Function: selectMicheline]} selectMichelson={[Function: selectMichelson]} data={{...}}>
      <div className=\\"LibraryItem\\">
        <div className=\\"LibraryItem__info-area-wrapper\\">
          <div className=\\"LibraryItem__detail-wrapper\\">
            <div className=\\"LibraryItem__detail-wrapper--label\\">
              Title
            </div>
            <div className=\\"LibraryItem__detail-wrapper--content\\">
              Test1
            </div>
          </div>
        </div>
        <div className=\\"LibraryItem__info-area-wrapper\\">
          <div className=\\"LibraryItem__description-wrapper\\">
            <div className=\\"LibraryItem__description-wrapper--label\\">
              Description
            </div>
            <div className=\\"LibraryItem__description-wrapper--content\\">
              Description1
            </div>
          </div>
        </div>
        <div className=\\"LibraryItem__wrapper2\\" onClick={[Function: onClick]}>
          <div className=\\"LibraryItem__label\\">
            Micheline
          </div>
          <div className=\\"LibraryItem__content\\">
            [
              {
                &quot;prim&quot;: &quot;parameter&quot;,
                &quot;args&quot;: [
                  {
                    &quot;prim&quot;: &quot;int&quot;
                  }
                ]
              },
              {
                &quot;prim&quot;: &quot;storage&quot;,
                &quot;args&quot;: [
                  {
                    &quot;prim&quot;: &quot;int&quot;
                  }
                ]
              },
              {
                &quot;prim&quot;: &quot;code&quot;,
                &quot;args&quot;: [
                  [
                    {
                      &quot;prim&quot;: &quot;CAR&quot;
                    },
                    {
                      &quot;prim&quot;: &quot;PUSH&quot;,
                      &quot;args&quot;: [
                        {
                          &quot;prim&quot;: &quot;int&quot;
                        },
                        {
                          &quot;int&quot;: &quot;1&quot;
                        }
                      ]
                    },
                    {
                      &quot;prim&quot;: &quot;ADD&quot;
                    },
                    {
                      &quot;prim&quot;: &quot;NIL&quot;,
                      &quot;args&quot;: [
                        {
                          &quot;prim&quot;: &quot;operation&quot;
                        }
                      ]
                    },
                    {
                      &quot;prim&quot;: &quot;PAIR&quot;
                    }
                  ]
                ]
              }
            ]
          </div>
        </div>
        <div className=\\"LibraryItem__wrapper2\\" onClick={[Function: onClick]}>
          <div className=\\"LibraryItem__label\\">
            Michelson
          </div>
          <div className=\\"LibraryItem__content\\">
            parameter int;
            storage int;
            code { CAR ;
                   PUSH int 1 ;
                   ADD ;
                   NIL operation ;
                   PAIR }
          </div>
        </div>
      </div>
    </LibraryItem>
    <LibraryItem selectMicheline={[Function: selectMicheline]} selectMichelson={[Function: selectMichelson]} data={{...}}>
      <div className=\\"LibraryItem\\">
        <div className=\\"LibraryItem__info-area-wrapper\\">
          <div className=\\"LibraryItem__detail-wrapper\\">
            <div className=\\"LibraryItem__detail-wrapper--label\\">
              Title
            </div>
            <div className=\\"LibraryItem__detail-wrapper--content\\">
              dsddsdsds
            </div>
          </div>
        </div>
        <div className=\\"LibraryItem__info-area-wrapper\\">
          <div className=\\"LibraryItem__description-wrapper\\">
            <div className=\\"LibraryItem__description-wrapper--label\\">
              Description
            </div>
            <div className=\\"LibraryItem__description-wrapper--content\\">
              dsdsdsdsdsds
            </div>
          </div>
        </div>
        <div className=\\"LibraryItem__wrapper2\\" onClick={[Function: onClick]}>
          <div className=\\"LibraryItem__label\\">
            Micheline
          </div>
          <div className=\\"LibraryItem__content\\">
            [
              {
                &quot;prim&quot;: &quot;parameter&quot;,
                &quot;args&quot;: [
                  {
                    &quot;prim&quot;: &quot;int&quot;
                  }
                ]
              },
              {
                &quot;prim&quot;: &quot;storage&quot;,
                &quot;args&quot;: [
                  {
                    &quot;prim&quot;: &quot;int&quot;
                  }
                ]
              },
              {
                &quot;prim&quot;: &quot;code&quot;,
                &quot;args&quot;: [
                  [
                    {
                      &quot;prim&quot;: &quot;CAR&quot;
                    },
                    {
                      &quot;prim&quot;: &quot;PUSH&quot;,
                      &quot;args&quot;: [
                        {
                          &quot;prim&quot;: &quot;int&quot;
                        },
                        {
                          &quot;int&quot;: &quot;1&quot;
                        }
                      ]
                    },
                    {
                      &quot;prim&quot;: &quot;ADD&quot;
                    },
                    {
                      &quot;prim&quot;: &quot;NIL&quot;,
                      &quot;args&quot;: [
                        {
                          &quot;prim&quot;: &quot;operation&quot;
                        }
                      ]
                    },
                    {
                      &quot;prim&quot;: &quot;PAIR&quot;
                    }
                  ]
                ]
              }
            ]
          </div>
        </div>
        <div className=\\"LibraryItem__wrapper2\\" onClick={[Function: onClick]}>
          <div className=\\"LibraryItem__label\\">
            Michelson
          </div>
          <div className=\\"LibraryItem__content\\">
            parameter int;
            storage int;
            code { CAR ;
                   PUSH int 1 ;
                   ADD ;
                   NIL operation ;
                   PAIR }
          </div>
        </div>
      </div>
    </LibraryItem>
    <LibraryItem selectMicheline={[Function: selectMicheline]} selectMichelson={[Function: selectMichelson]} data={{...}}>
      <div className=\\"LibraryItem\\">
        <div className=\\"LibraryItem__info-area-wrapper\\">
          <div className=\\"LibraryItem__detail-wrapper\\">
            <div className=\\"LibraryItem__detail-wrapper--label\\">
              Title
            </div>
            <div className=\\"LibraryItem__detail-wrapper--content\\">
              test
            </div>
          </div>
        </div>
        <div className=\\"LibraryItem__info-area-wrapper\\">
          <div className=\\"LibraryItem__description-wrapper\\">
            <div className=\\"LibraryItem__description-wrapper--label\\">
              Description
            </div>
            <div className=\\"LibraryItem__description-wrapper--content\\">
              sdkofmwofmnwof
            </div>
          </div>
        </div>
        <div className=\\"LibraryItem__wrapper2\\" onClick={[Function: onClick]}>
          <div className=\\"LibraryItem__label\\">
            Micheline
          </div>
          <div className=\\"LibraryItem__content\\">
            [
              {
                &quot;prim&quot;: &quot;parameter&quot;,
                &quot;args&quot;: [
                  {
                    &quot;prim&quot;: &quot;int&quot;
                  }
                ]
              },
              {
                &quot;prim&quot;: &quot;storage&quot;,
                &quot;args&quot;: [
                  {
                    &quot;prim&quot;: &quot;int&quot;
                  }
                ]
              },
              {
                &quot;prim&quot;: &quot;code&quot;,
                &quot;args&quot;: [
                  [
                    {
                      &quot;prim&quot;: &quot;CAR&quot;
                    },
                    {
                      &quot;prim&quot;: &quot;PUSH&quot;,
                      &quot;args&quot;: [
                        {
                          &quot;prim&quot;: &quot;int&quot;
                        },
                        {
                          &quot;int&quot;: &quot;1&quot;
                        }
                      ]
                    },
                    {
                      &quot;prim&quot;: &quot;ADD&quot;
                    },
                    {
                      &quot;prim&quot;: &quot;NIL&quot;,
                      &quot;args&quot;: [
                        {
                          &quot;prim&quot;: &quot;operation&quot;
                        }
                      ]
                    },
                    {
                      &quot;prim&quot;: &quot;PAIR&quot;
                    }
                  ]
                ]
              }
            ]
          </div>
        </div>
        <div className=\\"LibraryItem__wrapper2\\" onClick={[Function: onClick]}>
          <div className=\\"LibraryItem__label\\">
            Michelson
          </div>
          <div className=\\"LibraryItem__content\\">
            parameter int;
            storage int;
            code { CAR ;
                   PUSH int 1 ;
                   ADD ;
                   NIL operation ;
                   PAIR }
          </div>
        </div>
      </div>
    </LibraryItem>
    <LibraryItem selectMicheline={[Function: selectMicheline]} selectMichelson={[Function: selectMichelson]} data={{...}}>
      <div className=\\"LibraryItem\\">
        <div className=\\"LibraryItem__info-area-wrapper\\">
          <div className=\\"LibraryItem__detail-wrapper\\">
            <div className=\\"LibraryItem__detail-wrapper--label\\">
              Title
            </div>
            <div className=\\"LibraryItem__detail-wrapper--content\\">
              dqedfeq
            </div>
          </div>
        </div>
        <div className=\\"LibraryItem__info-area-wrapper\\">
          <div className=\\"LibraryItem__description-wrapper\\">
            <div className=\\"LibraryItem__description-wrapper--label\\">
              Description
            </div>
            <div className=\\"LibraryItem__description-wrapper--content\\">
              qwdq
            </div>
          </div>
        </div>
        <div className=\\"LibraryItem__wrapper2\\" onClick={[Function: onClick]}>
          <div className=\\"LibraryItem__label\\">
            Micheline
          </div>
          <div className=\\"LibraryItem__content\\">
            [
              {
                &quot;prim&quot;: &quot;parameter&quot;,
                &quot;args&quot;: [
                  {
                    &quot;prim&quot;: &quot;int&quot;
                  }
                ]
              },
              {
                &quot;prim&quot;: &quot;storage&quot;,
                &quot;args&quot;: [
                  {
                    &quot;prim&quot;: &quot;int&quot;
                  }
                ]
              },
              {
                &quot;prim&quot;: &quot;code&quot;,
                &quot;args&quot;: [
                  [
                    {
                      &quot;prim&quot;: &quot;CAR&quot;
                    },
                    {
                      &quot;prim&quot;: &quot;PUSH&quot;,
                      &quot;args&quot;: [
                        {
                          &quot;prim&quot;: &quot;int&quot;
                        },
                        {
                          &quot;int&quot;: &quot;1&quot;
                        }
                      ]
                    },
                    {
                      &quot;prim&quot;: &quot;ADD&quot;
                    },
                    {
                      &quot;prim&quot;: &quot;NIL&quot;,
                      &quot;args&quot;: [
                        {
                          &quot;prim&quot;: &quot;operation&quot;
                        }
                      ]
                    },
                    {
                      &quot;prim&quot;: &quot;PAIR&quot;
                    }
                  ]
                ]
              }
            ]
          </div>
        </div>
        <div className=\\"LibraryItem__wrapper2\\" onClick={[Function: onClick]}>
          <div className=\\"LibraryItem__label\\">
            Michelson
          </div>
          <div className=\\"LibraryItem__content\\">
            parameter int;
            storage int;
            code { CAR ;
                   PUSH int 1 ;
                   ADD ;
                   NIL operation ;
                   PAIR }
          </div>
        </div>
      </div>
    </LibraryItem>
  </div>
</Library>"
`;
